Success: Properly connected to MySQL!
Host info: 127.0.0.1 via TCP/IP
